// Jest Snapshot v1, https://goo.gl/fbAQLP

exports[`expected to render component 1`] = `ShallowWrapper {}`;
